C51 COMPILER V9.60.0.0   MAIN                                                              02/09/2023 22:31:16 PAGE 1   


C51 COMPILER V9.60.0.0, COMPILATION OF MODULE MAIN
OBJECT MODULE PLACED IN .\Objects\main.obj
COMPILER INVOKED BY: C:\Keil_v5\C51\BIN\C51.EXE main.c OPTIMIZE(8,SPEED) BROWSE DEBUG OBJECTEXTEND PRINT(.\Listings\main
                    -.lst) TABS(2) OBJECT(.\Objects\main.obj)

line level    source

   1          #include<header.h>
   2          
   3          extern unsigned int flow_count; 
   4          unsigned int hour = 0;
   5          unsigned int minute = 0;
   6          unsigned int second = 0;
   7          //enum Motor_Status{Off, On, wait} status;
   8          
   9          void ext_int_0() interrupt 0
  10          { 
  11   1        flow_count++;
  12   1      }
  13          
  14          void main()
  15          {
  16   1      
  17   1          P3 |= 0x0c;   // Configure the INT0 & INT1 pins as Inputs
  18   1          EA  = 1;      // Enable Global Interrupt bit will cause failure in compiler memory      
  19   1          P1_0 = 0;
  20   1          while(1)
  21   1          {
  22   2          increment_time();
  23   2          turn_on_motor_at_6am();
  24   2          delay(1); // Wait for 1 second before incrementing time again
  25   2          }
  26   1      }


MODULE INFORMATION:   STATIC OVERLAYABLE
   CODE SIZE        =     35    ----
   CONSTANT SIZE    =   ----    ----
   XDATA SIZE       =   ----    ----
   PDATA SIZE       =   ----    ----
   DATA SIZE        =      6    ----
   IDATA SIZE       =   ----    ----
   BIT SIZE         =   ----    ----
END OF MODULE INFORMATION.


C51 COMPILATION COMPLETE.  0 WARNING(S),  0 ERROR(S)
